0 verbose cli C:\Program Files\nodejs\node.exe C:\Program Files\nodejs\node_modules\npm\bin\npm-cli.js
1 info using npm@10.9.4
2 info using node@v22.21.1
3 silly config load:file:C:\Users\RHD\CONFIG~1\herd\bin\nvm\v22.21.1\node_modules\npm\npmrc
4 silly config load:file:G:\Project App\erp\.npmrc
5 silly config load:file:C:\Users\RHD\.npmrc
6 silly config load:file:C:\Program Files\nodejs\etc\npmrc
7 verbose title npm install
8 verbose argv "install"
9 verbose logfile logs-max:10 dir:g:\Project App\erp\.npm-cache-4\_logs\2026-03-08T07_58_42_826Z-
10 verbose logfile g:\Project App\erp\.npm-cache-4\_logs\2026-03-08T07_58_42_826Z-debug-0.log
11 silly logfile done cleaning log files
12 silly packumentCache heap:2197815296 maxSize:549453824 maxEntrySize:274726912
13 silly idealTree buildDeps
14 silly fetch manifest @grapesjs/react@^2.0.0
15 silly packumentCache full:https://registry.npmjs.org/@grapesjs%2freact cache-miss
16 http cache https://registry.npmjs.org/@grapesjs%2freact 301ms (cache hit)
17 silly packumentCache full:https://registry.npmjs.org/@grapesjs%2freact set size:13970 disposed:false
18 silly fetch manifest grapesjs@^0.22.14
19 silly packumentCache full:https://registry.npmjs.org/grapesjs cache-miss
20 http cache https://registry.npmjs.org/grapesjs 8ms (cache hit)
21 silly packumentCache full:https://registry.npmjs.org/grapesjs set size:637464 disposed:false
22 silly placeDep ROOT @grapesjs/react@2.0.0 REPLACE for:  want: ^2.0.0
23 silly placeDep ROOT grapesjs@0.22.14 OK for: @grapesjs/react@2.0.0 want: ^0.22.5
24 silly fetch manifest @types/backbone@1.4.15
25 silly packumentCache full:https://registry.npmjs.org/@types%2fbackbone cache-miss
26 silly fetch manifest backbone@1.4.1
27 silly packumentCache full:https://registry.npmjs.org/backbone cache-miss
28 silly fetch manifest backbone-undo@0.2.6
29 silly packumentCache full:https://registry.npmjs.org/backbone-undo cache-miss
30 silly fetch manifest codemirror@5.63.0
31 silly packumentCache full:https://registry.npmjs.org/codemirror cache-miss
32 silly fetch manifest codemirror-formatting@1.0.0
33 silly packumentCache full:https://registry.npmjs.org/codemirror-formatting cache-miss
34 silly fetch manifest html-entities@~1.4.0
35 silly packumentCache full:https://registry.npmjs.org/html-entities cache-miss
36 silly fetch manifest promise-polyfill@8.3.0
37 silly packumentCache full:https://registry.npmjs.org/promise-polyfill cache-miss
38 http fetch GET 200 https://registry.npmjs.org/backbone-undo 396ms (cache miss)
39 silly packumentCache full:https://registry.npmjs.org/backbone-undo set size:undefined disposed:false
40 silly fetch manifest underscore@1.13.8
41 silly packumentCache full:https://registry.npmjs.org/underscore cache-miss
42 http fetch GET 200 https://registry.npmjs.org/html-entities 397ms (cache miss)
43 silly packumentCache full:https://registry.npmjs.org/html-entities set size:undefined disposed:false
44 http cache https://registry.npmjs.org/underscore 13ms (cache hit)
45 silly packumentCache full:https://registry.npmjs.org/underscore set size:160144 disposed:false
46 http fetch GET 200 https://registry.npmjs.org/codemirror-formatting 466ms (cache miss)
47 silly packumentCache full:https://registry.npmjs.org/codemirror-formatting set size:undefined disposed:false
48 http fetch GET 200 https://registry.npmjs.org/backbone 468ms (cache miss)
49 silly packumentCache full:https://registry.npmjs.org/backbone set size:undefined disposed:false
50 http fetch GET 200 https://registry.npmjs.org/promise-polyfill 496ms (cache miss)
51 silly packumentCache full:https://registry.npmjs.org/promise-polyfill set size:undefined disposed:false
52 http fetch GET 200 https://registry.npmjs.org/codemirror 502ms (cache miss)
53 silly packumentCache full:https://registry.npmjs.org/codemirror set size:undefined disposed:false
54 http fetch GET 200 https://registry.npmjs.org/@types%2fbackbone 965ms (cache miss)
55 silly packumentCache full:https://registry.npmjs.org/@types%2fbackbone set size:undefined disposed:false
56 silly placeDep ROOT @types/backbone@1.4.15 OK for: grapesjs@0.22.14 want: 1.4.15
57 silly placeDep ROOT backbone@1.4.1 OK for: grapesjs@0.22.14 want: 1.4.1
58 silly placeDep ROOT backbone-undo@0.2.6 OK for: grapesjs@0.22.14 want: 0.2.6
59 silly placeDep ROOT codemirror@5.63.0 OK for: grapesjs@0.22.14 want: 5.63.0
60 silly placeDep ROOT codemirror-formatting@1.0.0 OK for: grapesjs@0.22.14 want: 1.0.0
61 silly placeDep node_modules/grapesjs html-entities@1.4.0 OK for: grapesjs@0.22.14 want: ~1.4.0
62 silly placeDep ROOT promise-polyfill@8.3.0 OK for: grapesjs@0.22.14 want: 8.3.0
63 silly placeDep ROOT underscore@1.13.8 OK for: grapesjs@0.22.14 want: 1.13.8
64 silly fetch manifest @types/jquery@*
65 silly packumentCache full:https://registry.npmjs.org/@types%2fjquery cache-miss
66 silly fetch manifest @types/underscore@*
67 silly packumentCache full:https://registry.npmjs.org/@types%2funderscore cache-miss
68 http fetch GET 200 https://registry.npmjs.org/@types%2funderscore 104ms (cache miss)
69 silly packumentCache full:https://registry.npmjs.org/@types%2funderscore set size:undefined disposed:false
70 http fetch GET 200 https://registry.npmjs.org/@types%2fjquery 439ms (cache miss)
71 silly packumentCache full:https://registry.npmjs.org/@types%2fjquery set size:undefined disposed:false
72 silly placeDep ROOT @types/jquery@4.0.0 OK for: @types/backbone@1.4.15 want: *
73 silly placeDep ROOT @types/underscore@1.13.0 OK for: @types/backbone@1.4.15 want: *
74 silly reify mark retired [ 'G:\\Project App\\erp\\node_modules\\@grapesjs\\react' ]
75 silly reify mark retired [ 'G:\\Project App\\erp\\node_modules\\@types\\backbone' ]
76 silly reify mark retired [ 'G:\\Project App\\erp\\node_modules\\codemirror' ]
77 silly reify mark retired [ 'G:\\Project App\\erp\\node_modules\\grapesjs' ]
78 silly reify moves {
78 silly reify   'G:\\Project App\\erp\\node_modules\\@grapesjs\\react': 'G:\\Project App\\erp\\node_modules\\@grapesjs\\.react-2R1nP3MV',
78 silly reify   'G:\\Project App\\erp\\node_modules\\@types\\backbone': 'G:\\Project App\\erp\\node_modules\\@types\\.backbone-WOKkgJRI',
78 silly reify   'G:\\Project App\\erp\\node_modules\\codemirror': 'G:\\Project App\\erp\\node_modules\\.codemirror-4U5Vo4ID',
78 silly reify   'G:\\Project App\\erp\\node_modules\\grapesjs': 'G:\\Project App\\erp\\node_modules\\.grapesjs-xiR1x1GL'
78 silly reify }
79 verbose reify failed optional dependency G:\Project App\erp\node_modules\@tailwindcss\oxide-wasm32-wasi
80 silly reify mark deleted [
80 silly reify   'G:\\Project App\\erp\\node_modules\\@tailwindcss\\oxide-wasm32-wasi'
80 silly reify ]
81 silly audit bulk request {
81 silly audit   '@7nohe/laravel-zodgen': [ '0.2.2' ],
81 silly audit   'brace-expansion': [ '2.0.2', '5.0.4', '1.1.12' ],
81 silly audit   glob: [ '10.5.0', '7.2.3', '13.0.6' ],
81 silly audit   'lru-cache': [ '10.4.3', '5.1.1', '11.2.6' ],
81 silly audit   minimatch: [ '9.0.9', '10.2.4', '3.1.5' ],
81 silly audit   'path-scurry': [ '1.11.1', '2.0.2' ],
81 silly audit   zod: [ '3.25.76', '4.3.6' ],
81 silly audit   '@antfu/ni': [ '25.0.0' ],
81 silly audit   '@babel/code-frame': [ '7.29.0' ],
81 silly audit   '@babel/compat-data': [ '7.29.0' ],
81 silly audit   '@babel/core': [ '7.29.0' ],
81 silly audit   '@babel/eslint-parser': [ '7.28.6' ],
81 silly audit   '@babel/generator': [ '7.29.1' ],
81 silly audit   '@babel/helper-annotate-as-pure': [ '7.27.3' ],
81 silly audit   '@babel/helper-compilation-targets': [ '7.28.6' ],
81 silly audit   '@babel/helper-create-class-features-plugin': [ '7.28.6' ],
81 silly audit   '@babel/helper-globals': [ '7.28.0' ],
81 silly audit   '@babel/helper-member-expression-to-functions': [ '7.28.5' ],
81 silly audit   '@babel/helper-module-imports': [ '7.28.6' ],
81 silly audit   '@babel/helper-module-transforms': [ '7.28.6' ],
81 silly audit   '@babel/helper-optimise-call-expression': [ '7.27.1' ],
81 silly audit   '@babel/helper-plugin-utils': [ '7.28.6' ],
81 silly audit   '@babel/helper-replace-supers': [ '7.28.6' ],
81 silly audit   '@babel/helper-skip-transparent-expression-wrappers': [ '7.27.1' ],
81 silly audit   '@babel/helper-string-parser': [ '7.27.1' ],
81 silly audit   '@babel/helper-validator-identifier': [ '7.28.5' ],
81 silly audit   '@babel/helper-validator-option': [ '7.27.1' ],
81 silly audit   '@babel/helpers': [ '7.28.6' ],
81 silly audit   '@babel/parser': [ '7.29.0' ],
81 silly audit   '@babel/plugin-syntax-jsx': [ '7.28.6' ],
81 silly audit   '@babel/plugin-syntax-typescript': [ '7.28.6' ],
81 silly audit   '@babel/plugin-transform-modules-commonjs': [ '7.28.6' ],
81 silly audit   '@babel/plugin-transform-react-jsx-self': [ '7.27.1' ],
81 silly audit   '@babel/plugin-transform-react-jsx-source': [ '7.27.1' ],
81 silly audit   '@babel/plugin-transform-typescript': [ '7.28.6' ],
81 silly audit   '@babel/preset-typescript': [ '7.28.5' ],
81 silly audit   '@babel/runtime': [ '7.28.6' ],
81 silly audit   '@babel/template': [ '7.28.6' ],
81 silly audit   '@babel/traverse': [ '7.29.0' ],
81 silly audit   '@babel/types': [ '7.29.0' ],
81 silly audit   '@base-ui-components/react': [ '1.0.0-rc.0' ],
81 silly audit   '@base-ui-components/utils': [ '0.2.2' ],
81 silly audit   '@date-fns/tz': [ '1.4.1' ],
81 silly audit   '@dnd-kit/accessibility': [ '3.1.1' ],
81 silly audit   '@dnd-kit/core': [ '6.3.1' ],
81 silly audit   '@dnd-kit/sortable': [ '10.0.0' ],
81 silly audit   '@dnd-kit/utilities': [ '3.2.2' ],
81 silly audit   '@dotenvx/dotenvx': [ '1.52.0' ],
81 silly audit   commander: [ '11.1.0', '12.1.0', '14.0.3' ],
81 silly audit   execa: [ '5.1.1', '9.6.1' ],
81 silly audit   fdir: [ '6.5.0' ],
81 silly audit   'get-stream': [ '6.0.1', '9.0.1' ],
81 silly audit   'human-signals': [ '2.1.0', '8.0.1' ],
81 silly audit   'is-stream': [ '2.0.1', '4.0.1' ],
81 silly audit   isexe: [ '3.1.5', '2.0.0' ],
81 silly audit   'npm-run-path': [ '4.0.1', '6.0.0' ],
81 silly audit   onetime: [ '5.1.2', '7.0.0' ],
81 silly audit   picomatch: [ '4.0.3', '2.3.1' ],
81 silly audit   'signal-exit': [ '3.0.7', '4.1.0' ],
81 silly audit   'strip-final-newline': [ '2.0.0', '4.0.0' ],
81 silly audit   which: [ '4.0.0', '1.3.1', '2.0.2' ],
81 silly audit   '@ecies/ciphers': [ '0.2.5' ],
81 silly audit   '@es-joy/jsdoccomment': [ '0.84.0' ],
81 silly audit   '@es-joy/resolve.exports': [ '1.2.0' ],
81 silly audit   '@esbuild/aix-ppc64': [ '0.27.3' ],
81 silly audit   '@esbuild/android-arm': [ '0.27.3' ],
81 silly audit   '@esbuild/android-arm64': [ '0.27.3' ],
81 silly audit   '@esbuild/android-x64': [ '0.27.3' ],
81 silly audit   '@esbuild/darwin-arm64': [ '0.27.3' ],
81 silly audit   '@esbuild/darwin-x64': [ '0.27.3' ],
81 silly audit   '@esbuild/freebsd-arm64': [ '0.27.3' ],
81 silly audit   '@esbuild/freebsd-x64': [ '0.27.3' ],
81 silly audit   '@esbuild/linux-arm': [ '0.27.3' ],
81 silly audit   '@esbuild/linux-arm64': [ '0.27.3' ],
81 silly audit   '@esbuild/linux-ia32': [ '0.27.3' ],
81 silly audit   '@esbuild/linux-loong64': [ '0.27.3' ],
81 silly audit   '@esbuild/linux-mips64el': [ '0.27.3' ],
81 silly audit   '@esbuild/linux-ppc64': [ '0.27.3' ],
81 silly audit   '@esbuild/linux-riscv64': [ '0.27.3' ],
81 silly audit   '@esbuild/linux-s390x': [ '0.27.3' ],
81 silly audit   '@esbuild/linux-x64': [ '0.27.3' ],
81 silly audit   '@esbuild/netbsd-arm64': [ '0.27.3' ],
81 silly audit   '@esbuild/netbsd-x64': [ '0.27.3' ],
81 silly audit   '@esbuild/openbsd-arm64': [ '0.27.3' ],
81 silly audit   '@esbuild/openbsd-x64': [ '0.27.3' ],
81 silly audit   '@esbuild/openharmony-arm64': [ '0.27.3' ],
81 silly audit   '@esbuild/sunos-x64': [ '0.27.3' ],
81 silly audit   '@esbuild/win32-arm64': [ '0.27.3' ],
81 silly audit   '@esbuild/win32-ia32': [ '0.27.3' ],
81 silly audit   '@esbuild/win32-x64': [ '0.27.3' ],
81 silly audit   '@eslint-community/eslint-utils': [ '4.9.1' ],
81 silly audit   'eslint-visitor-keys': [ '3.4.3', '1.3.0', '5.0.1', '2.1.0', '4.2.1' ],
81 silly audit   '@eslint-community/regexpp': [ '4.12.2' ],
81 silly audit   '@eslint/config-array': [ '0.21.1' ],
81 silly audit   '@eslint/config-helpers': [ '0.4.2' ],
81 silly audit   '@eslint/core': [ '0.17.0' ],
81 silly audit   '@eslint/eslintrc': [ '3.3.4' ],
81 silly audit   globals: [ '14.0.0', '12.4.0', '17.4.0' ],
81 silly audit   '@eslint/js': [ '9.39.3' ],
81 silly audit   '@eslint/object-schema': [ '2.1.7' ],
81 silly audit   '@eslint/plugin-kit': [ '0.4.1' ],
81 silly audit   '@floating-ui/core': [ '1.7.4' ],
81 silly audit   '@floating-ui/dom': [ '1.7.5' ],
81 silly audit   '@floating-ui/react': [ '0.26.28' ],
81 silly audit   '@floating-ui/react-dom': [ '2.1.7' ],
81 silly audit   '@floating-ui/utils': [ '0.2.10' ],
81 silly audit   '@headlessui/react': [ '2.2.9' ],
81 silly audit   '@hono/node-server': [ '1.19.11' ],
81 silly audit   '@humanfs/core': [ '0.19.1' ],
81 silly audit   '@humanfs/node': [ '0.16.7' ],
81 silly audit   '@humanwhocodes/module-importer': [ '1.0.1' ],
81 silly audit   '@humanwhocodes/retry': [ '0.4.3' ],
81 silly audit   '@inertiajs/core': [ '2.3.17' ],
81 silly audit   '@inertiajs/react': [ '2.3.17' ],
81 silly audit   '@inquirer/ansi': [ '1.0.2' ],
81 silly audit   '@inquirer/confirm': [ '5.1.21' ],
81 silly audit   '@inquirer/core': [ '10.3.2' ],
81 silly audit   '@inquirer/figures': [ '1.0.15' ],
81 silly audit   '@inquirer/type': [ '3.0.10' ],
81 silly audit   '@isaacs/cliui': [ '8.0.2' ],
81 silly audit   'ansi-styles': [ '6.2.3', '4.3.0', '3.2.1' ],
81 silly audit   'emoji-regex': [ '9.2.2', '8.0.0', '10.6.0', '7.0.3' ],
81 silly audit   'string-width': [ '5.1.2', '4.2.3', '7.2.0', '3.1.0' ],
81 silly audit   'wrap-ansi': [ '8.1.0', '7.0.0', '6.2.0' ],
81 silly audit   '@jridgewell/gen-mapping': [ '0.3.13' ],
81 silly audit   '@jridgewell/remapping': [ '2.3.5' ],
81 silly audit   '@jridgewell/resolve-uri': [ '3.1.2' ],
81 silly audit   '@jridgewell/sourcemap-codec': [ '1.5.5' ],
81 silly audit   '@jridgewell/trace-mapping': [ '0.3.31' ],
81 silly audit   '@marcbachmann/cel-js': [ '7.5.1' ],
81 silly audit   '@modelcontextprotocol/sdk': [ '1.27.1' ],
81 silly audit   ajv: [ '8.18.0', '6.14.0' ],
81 silly audit   'json-schema-traverse': [ '1.0.0', '0.4.1' ],
81 silly audit   '@mswjs/interceptors': [ '0.41.3' ],
81 silly audit   '@nicolo-ribaudo/eslint-scope-5-internals': [ '5.1.1-v1' ],
81 silly audit   '@noble/ciphers': [ '1.3.0' ],
81 silly audit   '@noble/curves': [ '1.9.7' ],
81 silly audit   '@noble/hashes': [ '1.8.0' ],
81 silly audit   '@nodelib/fs.scandir': [ '2.1.5' ],
81 silly audit   '@nodelib/fs.stat': [ '2.0.5' ],
81 silly audit   '@nodelib/fs.walk': [ '1.2.8' ],
81 silly audit   '@open-draft/deferred-promise': [ '2.2.0' ],
81 silly audit   '@open-draft/logger': [ '0.3.0' ],
81 silly audit   '@open-draft/until': [ '2.1.0' ],
81 silly audit   '@pkgjs/parseargs': [ '0.11.0' ],
81 silly audit   '@pkgr/core': [ '0.2.9' ],
81 silly audit   '@radix-ui/number': [ '1.1.1' ],
81 silly audit   '@radix-ui/primitive': [ '1.1.3' ],
81 silly audit   '@radix-ui/react-accessible-icon': [ '1.1.7' ],
81 silly audit   '@radix-ui/react-accordion': [ '1.2.12' ],
81 silly audit   '@radix-ui/react-alert-dialog': [ '1.1.15' ],
81 silly audit   '@radix-ui/react-slot': [ '1.2.3', '1.2.4' ],
81 silly audit   '@radix-ui/react-arrow': [ '1.1.7' ],
81 silly audit   '@radix-ui/react-aspect-ratio': [ '1.1.7' ],
81 silly audit   '@radix-ui/react-avatar': [ '1.1.11', '1.1.10' ],
81 silly audit   '@radix-ui/react-context': [ '1.1.3', '1.1.2' ],
81 silly audit   '@radix-ui/react-primitive': [ '2.1.4', '2.1.3' ],
81 silly audit   '@radix-ui/react-checkbox': [ '1.3.3' ],
81 silly audit   '@radix-ui/react-collapsible': [ '1.1.12' ],
81 silly audit   '@radix-ui/react-collection': [ '1.1.7' ],
81 silly audit   '@radix-ui/react-compose-refs': [ '1.1.2' ],
81 silly audit   '@radix-ui/react-context-menu': [ '2.2.16' ],
81 silly audit   '@radix-ui/react-dialog': [ '1.1.15' ],
81 silly audit   '@radix-ui/react-direction': [ '1.1.1' ],
81 silly audit   '@radix-ui/react-dismissable-layer': [ '1.1.11' ],
81 silly audit   '@radix-ui/react-dropdown-menu': [ '2.1.16' ],
81 silly audit   '@radix-ui/react-focus-guards': [ '1.1.3' ],
81 silly audit   '@radix-ui/react-focus-scope': [ '1.1.7' ],
81 silly audit   '@radix-ui/react-form': [ '0.1.8' ],
81 silly audit   '@radix-ui/react-label': [ '2.1.7', '2.1.8' ],
81 silly audit   '@radix-ui/react-hover-card': [ '1.1.15' ],
81 silly audit   '@radix-ui/react-id': [ '1.1.1' ],
81 silly audit   '@radix-ui/react-menu': [ '2.1.16' ],
81 silly audit   '@radix-ui/react-menubar': [ '1.1.16' ],
81 silly audit   '@radix-ui/react-navigation-menu': [ '1.2.14' ],
81 silly audit   '@radix-ui/react-one-time-password-field': [ '0.1.8' ],
81 silly audit   '@radix-ui/react-password-toggle-field': [ '0.1.3' ],
81 silly audit   '@radix-ui/react-popover': [ '1.1.15' ],
81 silly audit   '@radix-ui/react-popper': [ '1.2.8' ],
81 silly audit   '@radix-ui/react-portal': [ '1.1.9' ],
81 silly audit   '@radix-ui/react-presence': [ '1.1.5' ],
81 silly audit   '@radix-ui/react-progress': [ '1.1.8', '1.1.7' ],
81 silly audit   '@radix-ui/react-radio-group': [ '1.3.8' ],
81 silly audit   '@radix-ui/react-roving-focus': [ '1.1.11' ],
81 silly audit   '@radix-ui/react-scroll-area': [ '1.2.10' ],
81 silly audit   '@radix-ui/react-select': [ '2.2.6' ],
81 silly audit   '@radix-ui/react-separator': [ '1.1.8', '1.1.7' ],
81 silly audit   '@radix-ui/react-slider': [ '1.3.6' ],
81 silly audit   '@radix-ui/react-switch': [ '1.2.6' ],
81 silly audit   '@radix-ui/react-tabs': [ '1.1.13' ],
81 silly audit   '@radix-ui/react-toast': [ '1.2.15' ],
81 silly audit   '@radix-ui/react-toggle': [ '1.1.10' ],
81 silly audit   '@radix-ui/react-toggle-group': [ '1.1.11' ],
81 silly audit   '@radix-ui/react-toolbar': [ '1.1.11' ],
81 silly audit   '@radix-ui/react-tooltip': [ '1.2.8' ],
81 silly audit   '@radix-ui/react-use-callback-ref': [ '1.1.1' ],
81 silly audit   '@radix-ui/react-use-controllable-state': [ '1.2.2' ],
81 silly audit   '@radix-ui/react-use-effect-event': [ '0.0.2' ],
81 silly audit   '@radix-ui/react-use-escape-keydown': [ '1.1.1' ],
81 silly audit   '@radix-ui/react-use-is-hydrated': [ '0.1.0' ],
81 silly audit   '@radix-ui/react-use-layout-effect': [ '1.1.1' ],
81 silly audit   '@radix-ui/react-use-previous': [ '1.1.1' ],
81 silly audit   '@radix-ui/react-use-rect': [ '1.1.1' ],
81 silly audit   '@radix-ui/react-use-size': [ '1.1.1' ],
81 silly audit   '@radix-ui/react-visually-hidden': [ '1.2.3' ],
81 silly audit   '@radix-ui/rect': [ '1.1.1' ],
81 silly audit   '@react-aria/focus': [ '3.21.4' ],
81 silly audit   '@react-aria/interactions': [ '3.27.0' ],
81 silly audit   '@react-aria/ssr': [ '3.9.10' ],
81 silly audit   '@react-aria/utils': [ '3.33.0' ],
81 silly audit   '@react-stately/flags': [ '3.1.2' ],
81 silly audit   '@react-stately/utils': [ '3.11.0' ],
81 silly audit   '@react-types/shared': [ '3.33.0' ],
81 silly audit   '@remixicon/react': [ '4.9.0' ],
81 silly audit   '@rolldown/pluginutils': [ '1.0.0-rc.3' ],
81 silly audit   '@rollup/rollup-android-arm-eabi': [ '4.59.0' ],
81 silly audit   '@rollup/rollup-android-arm64': [ '4.59.0' ],
81 silly audit   '@rollup/rollup-darwin-arm64': [ '4.59.0' ],
81 silly audit   '@rollup/rollup-darwin-x64': [ '4.59.0' ],
81 silly audit   '@rollup/rollup-freebsd-arm64': [ '4.59.0' ],
81 silly audit   '@rollup/rollup-freebsd-x64': [ '4.59.0' ],
81 silly audit   '@rollup/rollup-linux-arm-gnueabihf': [ '4.59.0' ],
81 silly audit   '@rollup/rollup-linux-arm-musleabihf': [ '4.59.0' ],
81 silly audit   '@rollup/rollup-linux-arm64-gnu': [ '4.59.0' ],
81 silly audit   '@rollup/rollup-linux-arm64-musl': [ '4.59.0' ],
81 silly audit   '@rollup/rollup-linux-loong64-gnu': [ '4.59.0' ],
81 silly audit   '@rollup/rollup-linux-loong64-musl': [ '4.59.0' ],
81 silly audit   '@rollup/rollup-linux-ppc64-gnu': [ '4.59.0' ],
81 silly audit   '@rollup/rollup-linux-ppc64-musl': [ '4.59.0' ],
81 silly audit   '@rollup/rollup-linux-riscv64-gnu': [ '4.59.0' ],
81 silly audit   '@rollup/rollup-linux-riscv64-musl': [ '4.59.0' ],
81 silly audit   '@rollup/rollup-linux-s390x-gnu': [ '4.59.0' ],
81 silly audit   '@rollup/rollup-linux-x64-gnu': [ '4.59.0' ],
81 silly audit   '@rollup/rollup-linux-x64-musl': [ '4.59.0' ],
81 silly audit   '@rollup/rollup-openbsd-x64': [ '4.59.0' ],
81 silly audit   '@rollup/rollup-openharmony-arm64': [ '4.59.0' ],
81 silly audit   '@rollup/rollup-win32-arm64-msvc': [ '4.59.0' ],
81 silly audit   '@rollup/rollup-win32-ia32-msvc': [ '4.59.0' ],
81 silly audit   '@rollup/rollup-win32-x64-gnu': [ '4.59.0' ],
81 silly audit   '@rollup/rollup-win32-x64-msvc': [ '4.59.0' ],
81 silly audit   '@rtsao/scc': [ '1.1.0' ],
81 silly audit   '@sec-ant/readable-stream': [ '0.4.1' ],
81 silly audit   '@sindresorhus/base62': [ '1.0.0' ],
81 silly audit   '@sindresorhus/merge-streams': [ '4.0.0' ],
81 silly audit   '@swc/helpers': [ '0.5.19' ],
81 silly audit   '@tabby_ai/hijri-converter': [ '1.0.5' ],
81 silly audit   '@tailwindcss/forms': [ '0.5.11' ],
81 silly audit   '@tailwindcss/node': [ '4.2.1' ],
81 silly audit   '@tailwindcss/oxide': [ '4.2.1' ],
81 silly audit   '@tailwindcss/oxide-android-arm64': [ '4.2.1' ],
81 silly audit   '@tailwindcss/oxide-darwin-arm64': [ '4.2.1' ],
81 silly audit   '@tailwindcss/oxide-darwin-x64': [ '4.2.1' ],
81 silly audit   '@tailwindcss/oxide-freebsd-x64': [ '4.2.1' ],
81 silly audit   '@tailwindcss/oxide-linux-arm-gnueabihf': [ '4.2.1' ],
81 silly audit   '@tailwindcss/oxide-linux-arm64-gnu': [ '4.2.1' ],
81 silly audit   '@tailwindcss/oxide-linux-arm64-musl': [ '4.2.1' ],
81 silly audit   '@tailwindcss/oxide-linux-x64-gnu': [ '4.2.1' ],
81 silly audit   '@tailwindcss/oxide-linux-x64-musl': [ '4.2.1' ],
81 silly audit   '@tailwindcss/oxide-win32-arm64-msvc': [ '4.2.1' ],
81 silly audit   '@tailwindcss/oxide-win32-x64-msvc': [ '4.2.1' ],
81 silly audit   '@tailwindcss/vite': [ '4.2.1' ],
81 silly audit   '@tanstack/react-table': [ '8.21.3' ],
81 silly audit   '@tanstack/react-virtual': [ '3.13.19' ],
81 silly audit   '@tanstack/table-core': [ '8.21.3' ],
81 silly audit   '@tanstack/virtual-core': [ '3.13.19' ],
81 silly audit   '@ts-morph/common': [ '0.27.0' ],
81 silly audit   'balanced-match': [ '4.0.4', '1.0.2' ],
81 silly audit   '@types/babel__core': [ '7.20.5' ],
81 silly audit   '@types/babel__generator': [ '7.27.0' ],
81 silly audit   '@types/babel__template': [ '7.4.4' ],
81 silly audit   '@types/babel__traverse': [ '7.28.0' ],
81 silly audit   '@types/estree': [ '1.0.8' ],
81 silly audit   '@types/json-schema': [ '7.0.15' ],
81 silly audit   '@types/json5': [ '0.0.29' ],
81 silly audit   '@types/lodash': [ '4.17.24' ],
81 silly audit   '@types/lodash-es': [ '4.17.12' ],
81 silly audit   '@types/react': [ '19.2.14' ],
81 silly audit   '@types/react-dom': [ '19.2.3' ],
81 silly audit   '@types/statuses': [ '2.0.6' ],
81 silly audit   '@types/validate-npm-package-name': [ '4.0.2' ],
81 silly audit   '@typescript-eslint/types': [ '8.56.1' ],
81 silly audit   '@vitejs/plugin-react': [ '5.1.4' ],
81 silly audit   '@yarnpkg/lockfile': [ '1.1.0' ],
81 silly audit   accepts: [ '2.0.0' ],
81 silly audit   'mime-db': [ '1.54.0', '1.52.0' ],
81 silly audit   'mime-types': [ '3.0.2', '2.1.35' ],
81 silly audit   acorn: [ '8.16.0', '7.4.1' ],
81 silly audit   'acorn-jsx': [ '5.3.2' ],
81 silly audit   'agent-base': [ '7.1.4' ],
81 silly audit   'ajv-formats': [ '3.0.1' ],
81 silly audit   'ansi-escapes': [ '4.3.2' ],
81 silly audit   'type-fest': [ '0.21.3', '0.8.1', '5.4.4' ],
81 silly audit   'ansi-regex': [ '6.2.2', '5.0.1', '4.1.1' ],
81 silly audit   ansis: [ '4.2.0' ],
81 silly audit   'are-docs-informative': [ '0.0.2' ],
81 silly audit   argparse: [ '2.0.1', '1.0.10' ],
81 silly audit   'aria-hidden': [ '1.2.6' ],
81 silly audit   'array-buffer-byte-length': [ '1.0.2' ],
81 silly audit   'array-includes': [ '3.1.9' ],
81 silly audit   'array.prototype.findlast': [ '1.2.5' ],
81 silly audit   'array.prototype.findlastindex': [ '1.2.6' ],
81 silly audit   'array.prototype.flat': [ '1.3.3' ],
81 silly audit   'array.prototype.flatmap': [ '1.3.3' ],
81 silly audit   'array.prototype.tosorted': [ '1.1.4' ],
81 silly audit   'arraybuffer.prototype.slice': [ '1.0.4' ],
81 silly audit   'ast-types': [ '0.16.1' ],
81 silly audit   'astral-regex': [ '1.0.0' ],
81 silly audit   'async-function': [ '1.0.0' ],
81 silly audit   asynckit: [ '0.4.0' ],
81 silly audit   autoprefixer: [ '10.4.27' ],
81 silly audit   'available-typed-arrays': [ '1.0.7' ],
81 silly audit   axios: [ '1.13.6' ],
81 silly audit   'babel-eslint': [ '10.1.0' ],
81 silly audit   'base64-js': [ '1.5.1' ],
81 silly audit   'baseline-browser-mapping': [ '2.10.0' ],
81 silly audit   'body-parser': [ '2.2.2' ],
81 silly audit   braces: [ '3.0.3' ],
81 silly audit   browserslist: [ '4.28.1' ],
81 silly audit   buffer: [ '6.0.3' ],
81 silly audit   'bundle-name': [ '4.1.0' ],
81 silly audit   bytes: [ '3.1.2' ],
81 silly audit   'call-bind': [ '1.0.8' ],
81 silly audit   'call-bind-apply-helpers': [ '1.0.2' ],
81 silly audit   'call-bound': [ '1.0.4' ],
81 silly audit   callsites: [ '3.1.0' ],
81 silly audit   'caniuse-lite': [ '1.0.30001775' ],
81 silly audit   chalk: [ '4.1.2', '2.4.2', '5.6.2' ],
81 silly audit   'supports-color': [ '7.2.0', '5.5.0', '8.1.1' ],
81 silly audit   chardet: [ '0.7.0' ],
81 silly audit   'ci-info': [ '3.9.0' ],
81 silly audit   'class-variance-authority': [ '0.7.1' ],
81 silly audit   'cli-cursor': [ '5.0.0', '3.1.0' ],
81 silly audit   'cli-spinners': [ '2.9.2' ],
81 silly audit   'cli-width': [ '4.1.0', '3.0.0' ],
81 silly audit   cliui: [ '8.0.1' ],
81 silly audit   'strip-ansi': [ '6.0.1', '5.2.0', '7.2.0' ],
81 silly audit   clsx: [ '2.1.1' ],
81 silly audit   cmdk: [ '1.1.1' ],
81 silly audit   'code-block-writer': [ '13.0.3' ],
81 silly audit   'color-convert': [ '2.0.1', '1.9.3' ],
81 silly audit   'color-name': [ '1.1.4', '1.1.3' ],
81 silly audit   'combined-stream': [ '1.0.8' ],
81 silly audit   'comment-parser': [ '1.4.5' ],
81 silly audit   composer: [ '4.1.0' ],
81 silly audit   'concat-map': [ '0.0.1' ],
81 silly audit   concurrently: [ '9.2.1' ],
81 silly audit   'content-disposition': [ '1.0.1' ],
81 silly audit   'content-type': [ '1.0.5' ],
81 silly audit   'convert-source-map': [ '2.0.0' ],
81 silly audit   cookie: [ '0.7.2', '1.1.1' ],
81 silly audit   'cookie-signature': [ '1.2.2' ],
81 silly audit   cors: [ '2.8.6' ],
81 silly audit   cosmiconfig: [ '9.0.0' ],
81 silly audit   'cross-spawn': [ '7.0.6', '6.0.6' ],
81 silly audit   cssesc: [ '3.0.0' ],
81 silly audit   csstype: [ '3.2.3' ],
81 silly audit   'data-uri-to-buffer': [ '4.0.1' ],
81 silly audit   'data-view-buffer': [ '1.0.2' ],
81 silly audit   'data-view-byte-length': [ '1.0.2' ],
81 silly audit   'data-view-byte-offset': [ '1.0.1' ],
81 silly audit   'date-fns': [ '4.1.0' ],
81 silly audit   'date-fns-jalali': [ '4.1.0-0' ],
81 silly audit   debug: [ '4.4.3', '3.2.7' ],
81 silly audit   dedent: [ '1.7.1' ],
81 silly audit   'deep-is': [ '0.1.4' ],
81 silly audit   deepmerge: [ '4.3.1' ],
81 silly audit   'default-browser': [ '5.5.0' ],
81 silly audit   'default-browser-id': [ '5.0.1' ],
81 silly audit   'define-data-property': [ '1.1.4' ],
81 silly audit   'define-lazy-prop': [ '3.0.0' ],
81 silly audit   'define-properties': [ '1.2.1' ],
81 silly audit   'delayed-stream': [ '1.0.0' ],
81 silly audit   depd: [ '2.0.0' ],
81 silly audit   'detect-libc': [ '2.1.2' ],
81 silly audit   'detect-node-es': [ '1.1.0' ],
81 silly audit   diff: [ '8.0.3' ],
81 silly audit   'diff-match-patch': [ '1.0.5' ],
81 silly audit   doctrine: [ '2.1.0', '3.0.0' ],
81 silly audit   'dom-serializer': [ '2.0.0' ],
81 silly audit   entities: [ '4.5.0', '7.0.1' ],
81 silly audit   domelementtype: [ '2.3.0' ],
81 silly audit   domhandler: [ '5.0.3' ],
81 silly audit   domutils: [ '3.2.2' ],
81 silly audit   dotenv: [ '17.3.1' ],
81 silly audit   'dunder-proto': [ '1.0.1' ],
81 silly audit   eastasianwidth: [ '0.2.0' ],
81 silly audit   eciesjs: [ '0.4.17' ],
81 silly audit   'ee-first': [ '1.1.1' ],
81 silly audit   'electron-to-chromium': [ '1.5.302' ],
81 silly audit   encodeurl: [ '2.0.0' ],
81 silly audit   'enhanced-resolve': [ '5.20.0' ],
81 silly audit   'env-paths': [ '2.2.1' ],
81 silly audit   'error-ex': [ '1.3.4' ],
81 silly audit   'es-abstract': [ '1.24.1' ],
81 silly audit   'es-define-property': [ '1.0.1' ],
81 silly audit   'es-errors': [ '1.3.0' ],
81 silly audit   'es-iterator-helpers': [ '1.2.2' ],
81 silly audit   'es-object-atoms': [ '1.1.1' ],
81 silly audit   'es-set-tostringtag': [ '2.1.0' ],
81 silly audit   'es-shim-unscopables': [ '1.1.0' ],
81 silly audit   'es-to-primitive': [ '1.3.0' ],
81 silly audit   esbuild: [ '0.27.3' ],
81 silly audit   escalade: [ '3.2.0' ],
81 silly audit   'escape-html': [ '1.0.3' ],
81 silly audit   'escape-string-regexp': [ '4.0.0', '1.0.5' ],
81 silly audit   eslint: [ '9.39.3', '6.8.0' ],
81 silly audit   'eslint-config-esnext': [ '4.1.0' ],
81 silly audit   semver: [ '5.7.2', '7.7.4', '6.3.1' ],
81 silly audit   'eslint-utils': [ '1.4.3', '2.1.0' ],
81 silly audit   espree: [ '6.2.1', '11.1.1', '10.4.0' ],
81 silly audit   'file-entry-cache': [ '5.0.1', '8.0.0' ],
81 silly audit   'flat-cache': [ '2.0.1', '4.0.1' ],
81 silly audit   flatted: [ '2.0.2', '3.3.3' ],
81 silly audit   'glob-parent': [ '5.1.2', '6.0.2' ],
81 silly audit   'has-flag': [ '3.0.0', '4.0.0' ],
81 silly audit   ignore: [ '4.0.6', '5.3.2' ],
81 silly audit   'js-yaml': [ '3.14.2', '4.1.1' ],
81 silly audit   levn: [ '0.3.0', '0.4.1' ],
81 silly audit   optionator: [ '0.8.3', '0.9.4' ],
81 silly audit   'path-key': [ '2.0.1', '4.0.0', '3.1.1' ],
81 silly audit   'prelude-ls': [ '1.1.2', '1.2.1' ],
81 silly audit   regexpp: [ '2.0.1', '3.2.0' ],
81 silly audit   rimraf: [ '2.6.3', '6.1.3' ],
81 silly audit   'shebang-command': [ '1.2.0', '2.0.0' ],
81 silly audit   'shebang-regex': [ '1.0.0', '3.0.0' ],
81 silly audit   'type-check': [ '0.3.2', '0.4.0' ],
81 silly audit   'eslint-config-node': [ '4.1.0' ],
81 silly audit   'eslint-config-prettier': [ '10.1.8' ],
81 silly audit   'eslint-import-resolver-node': [ '0.3.9' ],
81 silly audit   'eslint-module-utils': [ '2.12.1' ],
81 silly audit   'eslint-plugin-babel': [ '5.3.1' ],
81 silly audit   'eslint-plugin-es': [ '3.0.1' ],
81 silly audit   'eslint-plugin-import': [ '2.32.0' ],
81 silly audit   'eslint-plugin-jsdoc': [ '62.7.1' ],
81 silly audit   'eslint-plugin-node': [ '11.1.0' ],
81 silly audit   'eslint-plugin-prettier': [ '5.5.5' ],
81 silly audit   'eslint-plugin-react': [ '7.37.5' ],
81 silly audit   'eslint-plugin-react-hooks': [ '7.0.1' ],
81 silly audit   resolve: [ '2.0.0-next.6', '1.22.11' ],
81 silly audit   'eslint-rule-composer': [ '0.3.0' ],
81 silly audit   'eslint-scope': [ '5.1.1', '8.4.0' ],
81 silly audit   estraverse: [ '4.3.0', '5.3.0' ],
81 silly audit   esprima: [ '4.0.1' ],
81 silly audit   esquery: [ '1.7.0' ],
81 silly audit   esrecurse: [ '4.3.0' ],
81 silly audit   esutils: [ '2.0.3' ],
81 silly audit   etag: [ '1.8.1' ],
81 silly audit   eventemitter3: [ '5.0.4' ],
81 silly audit   eventsource: [ '3.0.7' ],
81 silly audit   'eventsource-parser': [ '3.0.6' ],
81 silly audit   express: [ '5.2.1' ],
81 silly audit   'express-rate-limit': [ '8.3.0' ],
81 silly audit   'external-editor': [ '3.1.0' ],
81 silly audit   'iconv-lite': [ '0.4.24', '0.7.2' ],
81 silly audit   'fast-deep-equal': [ '3.1.3' ],
81 silly audit   'fast-diff': [ '1.3.0' ],
81 silly audit   'fast-glob': [ '3.3.3' ],
81 silly audit   'fast-json-stable-stringify': [ '2.1.0' ],
81 silly audit   'fast-levenshtein': [ '2.0.6' ],
81 silly audit   'fast-uri': [ '3.1.0' ],
81 silly audit   fastq: [ '1.20.1' ],
81 silly audit   'fetch-blob': [ '3.2.0' ],
81 silly audit   figures: [ '6.1.0', '3.2.0' ],
81 silly audit   'fill-range': [ '7.1.1' ],
81 silly audit   finalhandler: [ '2.1.1' ],
81 silly audit   'find-up': [ '5.0.0' ],
81 silly audit   'find-yarn-workspace-root': [ '2.0.0' ],
81 silly audit   'follow-redirects': [ '1.15.11' ],
81 silly audit   'for-each': [ '0.3.5' ],
81 silly audit   'foreground-child': [ '3.3.1' ],
81 silly audit   'form-data': [ '4.0.5' ],
81 silly audit   'formdata-polyfill': [ '4.0.10' ],
81 silly audit   forwarded: [ '0.2.0' ],
81 silly audit   'fraction.js': [ '5.3.4' ],
81 silly audit   'framer-motion': [ '12.34.3' ],
81 silly audit   fresh: [ '2.0.0' ],
81 silly audit   'fs-extra': [ '10.1.0', '11.3.3' ],
81 silly audit   'fs.realpath': [ '1.0.0' ],
81 silly audit   fsevents: [ '2.3.3' ],
81 silly audit   'function-bind': [ '1.1.2' ],
81 silly audit   'function.prototype.name': [ '1.1.8' ],
81 silly audit   'functional-red-black-tree': [ '1.0.1' ],
81 silly audit   'functions-have-names': [ '1.2.3' ],
81 silly audit   fuzzysort: [ '3.1.0' ],
81 silly audit   fzf: [ '0.5.2' ],
81 silly audit   'generator-function': [ '2.0.1' ],
81 silly audit   gensync: [ '1.0.0-beta.2' ],
81 silly audit   'get-caller-file': [ '2.0.5' ],
81 silly audit   'get-east-asian-width': [ '1.5.0' ],
81 silly audit   'get-intrinsic': [ '1.3.0' ],
81 silly audit   'get-nonce': [ '1.0.1' ],
81 silly audit   'get-own-enumerable-keys': [ '1.0.0' ],
81 silly audit   'get-proto': [ '1.0.1' ],
81 silly audit   'get-symbol-description': [ '1.1.0' ],
81 silly audit   globalthis: [ '1.0.4' ],
81 silly audit   gopd: [ '1.2.0' ],
81 silly audit   'graceful-fs': [ '4.2.11' ],
81 silly audit   'grapesjs-blocks-basic': [ '1.0.2' ],
81 silly audit   'grapesjs-table': [ '1.0.8' ],
81 silly audit   graphql: [ '16.13.0' ],
81 silly audit   handlebars: [ '4.7.8' ],
81 silly audit   'has-bigints': [ '1.1.0' ],
81 silly audit   'has-property-descriptors': [ '1.0.2' ],
81 silly audit   'has-proto': [ '1.2.0' ],
81 silly audit   'has-symbols': [ '1.1.0' ],
81 silly audit   'has-tostringtag': [ '1.0.2' ],
81 silly audit   hasown: [ '2.0.2' ],
81 silly audit   'headers-polyfill': [ '4.0.3' ],
81 silly audit   'hermes-estree': [ '0.25.1' ],
81 silly audit   'hermes-parser': [ '0.25.1' ],
81 silly audit   hono: [ '4.12.5' ],
81 silly audit   'html-dom-parser': [ '5.1.8' ],
81 silly audit   'html-entities': [ '2.6.0', '1.4.0' ],
81 silly audit   'html-react-parser': [ '5.2.17' ],
81 silly audit   htmlparser2: [ '10.1.0' ],
81 silly audit   'http-errors': [ '2.0.1' ],
81 silly audit   'https-proxy-agent': [ '7.0.6' ],
81 silly audit   ieee754: [ '1.2.1' ],
81 silly audit   'import-fresh': [ '3.3.1' ],
81 silly audit   imurmurhash: [ '0.1.4' ],
81 silly audit   inflight: [ '1.0.6' ],
81 silly audit   inherits: [ '2.0.4' ],
81 silly audit   'inline-style-parser': [ '0.2.7' ],
81 silly audit   inquirer: [ '7.3.3' ],
81 silly audit   'mute-stream': [ '0.0.8', '2.0.0' ],
81 silly audit   'restore-cursor': [ '3.1.0', '5.1.0' ],
81 silly audit   rxjs: [ '6.6.7', '7.8.2' ],
81 silly audit   tslib: [ '1.14.1', '2.8.1' ],
81 silly audit   'internal-slot': [ '1.1.0' ],
81 silly audit   invariant: [ '2.2.4' ],
81 silly audit   'ip-address': [ '10.1.0' ],
81 silly audit   'ipaddr.js': [ '1.9.1' ],
81 silly audit   'is-array-buffer': [ '3.0.5' ],
81 silly audit   'is-arrayish': [ '0.2.1' ],
81 silly audit   'is-async-function': [ '2.1.1' ],
81 silly audit   'is-bigint': [ '1.1.0' ],
81 silly audit   'is-boolean-object': [ '1.2.2' ],
81 silly audit   'is-callable': [ '1.2.7' ],
81 silly audit   'is-core-module': [ '2.16.1' ],
81 silly audit   'is-data-view': [ '1.0.2' ],
81 silly audit   'is-date-object': [ '1.1.0' ],
81 silly audit   'is-docker': [ '2.2.1', '3.0.0' ],
81 silly audit   'is-extglob': [ '2.1.1' ],
81 silly audit   'is-finalizationregistry': [ '1.1.1' ],
81 silly audit   'is-fullwidth-code-point': [ '3.0.0', '2.0.0' ],
81 silly audit   'is-generator-function': [ '1.1.2' ],
81 silly audit   'is-glob': [ '4.0.3' ],
81 silly audit   'is-in-ssh': [ '1.0.0' ],
81 silly audit   'is-inside-container': [ '1.0.0' ],
81 silly audit   'is-interactive': [ '2.0.0' ],
81 silly audit   'is-map': [ '2.0.3' ],
81 silly audit   'is-negative-zero': [ '2.0.3' ],
81 silly audit   'is-node-process': [ '1.2.0' ],
81 silly audit   'is-number': [ '7.0.0' ],
81 silly audit   'is-number-object': [ '1.1.1' ],
81 silly audit   'is-obj': [ '3.0.0' ],
81 silly audit   'is-plain-obj': [ '4.1.0' ],
81 silly audit   'is-promise': [ '4.0.0' ],
81 silly audit   'is-regex': [ '1.2.1' ],
81 silly audit   'is-regexp': [ '3.1.0' ],
81 silly audit   'is-set': [ '2.0.3' ],
81 silly audit   'is-shared-array-buffer': [ '1.0.4' ],
81 silly audit   'is-string': [ '1.1.1' ],
81 silly audit   'is-symbol': [ '1.1.1' ],
81 silly audit   'is-typed-array': [ '1.1.15' ],
81 silly audit   'is-unicode-supported': [ '2.1.0', '1.3.0' ],
81 silly audit   'is-weakmap': [ '2.0.2' ],
81 silly audit   'is-weakref': [ '1.1.1' ],
81 silly audit   'is-weakset': [ '2.0.4' ],
81 silly audit   'is-wsl': [ '2.2.0', '3.1.1' ],
81 silly audit   isarray: [ '2.0.5' ],
81 silly audit   'iterator.prototype': [ '1.1.5' ],
81 silly audit   jackspeak: [ '3.4.3' ],
81 silly audit   jiti: [ '2.6.1' ],
81 silly audit   jose: [ '6.1.3' ],
81 silly audit   'js-tokens': [ '4.0.0' ],
81 silly audit   'jsdoc-type-pratt-parser': [ '7.1.1' ],
81 silly audit   jsesc: [ '3.1.0' ],
81 silly audit   'json-buffer': [ '3.0.1' ],
81 silly audit   'json-parse-even-better-errors': [ '2.3.1' ],
81 silly audit   'json-schema-typed': [ '8.0.2' ],
81 silly audit   'json-stable-stringify': [ '1.3.0' ],
81 silly audit   'json-stable-stringify-without-jsonify': [ '1.0.1' ],
81 silly audit   json5: [ '2.2.3', '1.0.2' ],
81 silly audit   jsonfile: [ '6.2.0' ],
81 silly audit   jsonify: [ '0.0.1' ],
81 silly audit   'jsx-ast-utils': [ '3.3.5' ],
81 silly audit   keyv: [ '4.5.4' ],
81 silly audit   'klaw-sync': [ '6.0.0' ],
81 silly audit   kleur: [ '4.1.5', '3.0.3' ],
81 silly audit   'laravel-precognition': [ '1.0.2' ],
81 silly audit   'laravel-react-i18n': [ '2.0.5' ],
81 silly audit   'laravel-vite-plugin': [ '2.1.0' ],
81 silly audit   lightningcss: [ '1.31.1' ],
81 silly audit   'lightningcss-android-arm64': [ '1.31.1' ],
81 silly audit   'lightningcss-darwin-arm64': [ '1.31.1' ],
81 silly audit   'lightningcss-darwin-x64': [ '1.31.1' ],
81 silly audit   'lightningcss-freebsd-x64': [ '1.31.1' ],
81 silly audit   'lightningcss-linux-arm-gnueabihf': [ '1.31.1' ],
81 silly audit   'lightningcss-linux-arm64-gnu': [ '1.31.1' ],
81 silly audit   'lightningcss-linux-arm64-musl': [ '1.31.1' ],
81 silly audit   'lightningcss-linux-x64-gnu': [ '1.31.1' ],
81 silly audit   'lightningcss-linux-x64-musl': [ '1.31.1' ],
81 silly audit   'lightningcss-win32-arm64-msvc': [ '1.31.1' ],
81 silly audit   'lightningcss-win32-x64-msvc': [ '1.31.1' ],
81 silly audit   'lines-and-columns': [ '1.2.4' ],
81 silly audit   'locate-path': [ '6.0.0' ],
81 silly audit   lodash: [ '4.17.23' ],
81 silly audit   'lodash-es': [ '4.17.23' ],
81 silly audit   'lodash.clonedeep': [ '4.5.0' ],
81 silly audit   'lodash.isequal': [ '4.5.0' ],
81 silly audit   'lodash.merge': [ '4.6.2' ],
81 silly audit   'log-symbols': [ '6.0.0' ],
81 silly audit   'loose-envify': [ '1.4.0' ],
81 silly audit   'lucide-react': [ '0.575.0' ],
81 silly audit   'magic-string': [ '0.30.21' ],
81 silly audit   'math-intrinsics': [ '1.1.0' ],
81 silly audit   'media-typer': [ '1.1.0' ],
81 silly audit   'merge-descriptors': [ '2.0.0' ],
81 silly audit   'merge-stream': [ '2.0.0' ],
81 silly audit   merge2: [ '1.4.1' ],
81 silly audit   micromatch: [ '4.0.8' ],
81 silly audit   'mimic-fn': [ '2.1.0' ],
81 silly audit   'mimic-function': [ '5.0.1' ],
81 silly audit   'mini-svg-data-uri': [ '1.4.4' ],
81 silly audit   minimist: [ '1.2.8' ],
81 silly audit   minipass: [ '7.1.3' ],
81 silly audit   mkdirp: [ '0.5.6' ],
81 silly audit   motion: [ '12.34.3' ],
81 silly audit   'motion-dom': [ '12.34.3' ],
81 silly audit   'motion-utils': [ '12.29.2' ],
81 silly audit   ms: [ '2.1.3' ],
81 silly audit   msw: [ '2.12.10' ],
81 silly audit   nanoid: [ '3.3.11' ],
81 silly audit   'natural-compare': [ '1.4.0' ],
81 silly audit   negotiator: [ '1.0.0' ],
81 silly audit   'neo-async': [ '2.6.2' ],
81 silly audit   'next-themes': [ '0.4.6' ],
81 silly audit   'nice-try': [ '1.0.5' ],
81 silly audit   'node-domexception': [ '1.0.0' ],
81 silly audit   'node-exports-info': [ '1.6.0' ],
81 silly audit   'node-fetch': [ '3.3.2' ],
81 silly audit   'node-releases': [ '2.0.27' ],
81 silly audit   'normalize-wheel': [ '1.0.1' ],
81 silly audit   'object-assign': [ '4.1.1' ],
81 silly audit   'object-deep-merge': [ '2.0.0' ],
81 silly audit   'object-inspect': [ '1.13.4' ],
81 silly audit   'object-keys': [ '1.1.1' ],
81 silly audit   'object-treeify': [ '1.1.33' ],
81 silly audit   'object.assign': [ '4.1.7' ],
81 silly audit   'object.entries': [ '1.1.9' ],
81 silly audit   'object.fromentries': [ '2.0.8' ],
81 silly audit   'object.groupby': [ '1.0.3' ],
81 silly audit   'object.values': [ '1.2.1' ],
81 silly audit   'on-finished': [ '2.4.1' ],
81 silly audit   once: [ '1.4.0' ],
81 silly audit   open: [ '7.4.2', '11.0.0' ],
81 silly audit   ora: [ '8.2.0' ],
81 silly audit   outvariant: [ '1.4.3' ],
81 silly audit   'own-keys': [ '1.0.1' ],
81 silly audit   'p-limit': [ '3.1.0' ],
81 silly audit   'p-locate': [ '5.0.0' ],
81 silly audit   'package-json-from-dist': [ '1.0.1' ],
81 silly audit   'package-manager-detector': [ '1.6.0' ],
81 silly audit   parchment: [ '3.0.0' ],
81 silly audit   'parent-module': [ '1.0.1' ],
81 silly audit   'parse-imports-exports': [ '0.2.4' ],
81 silly audit   'parse-json': [ '5.2.0' ],
81 silly audit   'parse-ms': [ '4.0.0' ],
81 silly audit   'parse-statements': [ '1.0.11' ],
81 silly audit   parseurl: [ '1.3.3' ],
81 silly audit   'patch-package': [ '8.0.1' ],
81 silly audit   'path-browserify': [ '1.0.1' ],
81 silly audit   'path-exists': [ '4.0.0' ],
81 silly audit   'path-is-absolute': [ '1.0.1' ],
81 silly audit   'path-parse': [ '1.0.7' ],
81 silly audit   'path-to-regexp': [ '6.3.0', '8.3.0' ],
81 silly audit   'php-array-reader': [ '2.1.3' ],
81 silly audit   'php-parser': [ '3.4.0' ],
81 silly audit   picocolors: [ '1.1.1' ],
81 silly audit   'pkce-challenge': [ '5.0.1' ],
81 silly audit   pluralize: [ '8.0.0' ],
81 silly audit   'possible-typed-array-names': [ '1.1.0' ],
81 silly audit   postcss: [ '8.5.6' ],
81 silly audit   'postcss-selector-parser': [ '7.1.1' ],
81 silly audit   'postcss-value-parser': [ '4.2.0' ],
81 silly audit   'powershell-utils': [ '0.1.0' ],
81 silly audit   prettier: [ '3.8.1' ],
81 silly audit   'prettier-linter-helpers': [ '1.0.1' ],
81 silly audit   'prettier-plugin-tailwindcss': [ '0.7.2' ],
81 silly audit   'pretty-ms': [ '9.3.0' ],
81 silly audit   'pretty-time': [ '1.1.0' ],
81 silly audit   progress: [ '2.0.3' ],
81 silly audit   prompts: [ '2.4.2' ],
81 silly audit   'prop-types': [ '15.8.1' ],
81 silly audit   'proxy-addr': [ '2.0.7' ],
81 silly audit   'proxy-from-env': [ '1.1.0' ],
81 silly audit   punycode: [ '2.3.1' ],
81 silly audit   qs: [ '6.15.0' ],
81 silly audit   'queue-microtask': [ '1.2.3' ],
81 silly audit   quill: [ '2.0.2' ],
81 silly audit   'quill-delta': [ '5.1.0' ],
81 silly audit   'quill-mention': [ '6.1.1' ],
81 silly audit   'radix-ui': [ '1.4.3' ],
81 silly audit   'range-parser': [ '1.2.1' ],
81 silly audit   'raw-body': [ '3.0.2' ],
81 silly audit   react: [ '19.2.4' ],
81 silly audit   'react-click-away-listener': [ '2.4.0' ],
81 silly audit   'react-currency-input-field': [ '4.0.3' ],
81 silly audit   'react-day-picker': [ '9.14.0' ],
81 silly audit   'react-dom': [ '19.2.4' ],
81 silly audit   'react-easy-crop': [ '5.5.6' ],
81 silly audit   'react-is': [ '16.13.1' ],
81 silly audit   'react-mentions': [ '4.4.10' ],
81 silly audit   'react-property': [ '2.0.2' ],
81 silly audit   'react-refresh': [ '0.18.0' ],
81 silly audit   'react-remove-scroll': [ '2.7.2' ],
81 silly audit   'react-remove-scroll-bar': [ '2.3.8' ],
81 silly audit   'react-style-singleton': [ '2.2.3' ],
81 silly audit   'react-window': [ '2.2.7' ],
81 silly audit   recast: [ '0.23.11' ],
81 silly audit   'reflect.getprototypeof': [ '1.0.10' ],
81 silly audit   'regexp.prototype.flags': [ '1.5.4' ],
81 silly audit   'require-directory': [ '2.1.1' ],
81 silly audit   'require-from-string': [ '2.0.2' ],
81 silly audit   reselect: [ '5.1.1' ],
81 silly audit   'reserved-identifiers': [ '1.2.0' ],
81 silly audit   'resolve-from': [ '4.0.0' ],
81 silly audit   rettime: [ '0.10.1' ],
81 silly audit   reusify: [ '1.1.0' ],
81 silly audit   rollup: [ '4.59.0' ],
81 silly audit   router: [ '2.2.0' ],
81 silly audit   'run-applescript': [ '7.1.0' ],
81 silly audit   'run-async': [ '2.4.1' ],
81 silly audit   'run-parallel': [ '1.2.0' ],
81 silly audit   'safe-array-concat': [ '1.1.3' ],
81 silly audit   'safe-push-apply': [ '1.0.0' ],
81 silly audit   'safe-regex-test': [ '1.1.0' ],
81 silly audit   'safer-buffer': [ '2.1.2' ],
81 silly audit   scheduler: [ '0.27.0' ],
81 silly audit   send: [ '1.2.1' ],
81 silly audit   'serve-static': [ '2.2.1' ],
81 silly audit   'set-function-length': [ '1.2.2' ],
81 silly audit   'set-function-name': [ '2.0.2' ],
81 silly audit   'set-proto': [ '1.0.0' ],
81 silly audit   setprototypeof: [ '1.2.0' ],
81 silly audit   shadcn: [ '3.8.5' ],
81 silly audit   'tsconfig-paths': [ '4.2.0', '3.15.0' ],
81 silly audit   'shell-quote': [ '1.8.3' ],
81 silly audit   'side-channel': [ '1.1.0' ],
81 silly audit   'side-channel-list': [ '1.0.0' ],
81 silly audit   'side-channel-map': [ '1.0.1' ],
81 silly audit   'side-channel-weakmap': [ '1.0.2' ],
81 silly audit   sisteransi: [ '1.0.5' ],
81 silly audit   slash: [ '2.0.0' ],
81 silly audit   'slice-ansi': [ '2.1.0' ],
81 silly audit   sonner: [ '2.0.7' ],
81 silly audit   'source-map': [ '0.6.1' ],
81 silly audit   'source-map-js': [ '1.2.1' ],
81 silly audit   'spdx-exceptions': [ '2.5.0' ],
81 silly audit   'spdx-expression-parse': [ '4.0.0' ],
81 silly audit   'spdx-license-ids': [ '3.0.23' ],
81 silly audit   'sprintf-js': [ '1.0.3' ],
81 silly audit   statuses: [ '2.0.2' ],
81 silly audit   'stdin-discarder': [ '0.2.2' ],
81 silly audit   'stop-iteration-iterator': [ '1.1.0' ],
81 silly audit   'strict-event-emitter': [ '0.5.1' ],
81 silly audit   'string.prototype.matchall': [ '4.0.12' ],
81 silly audit   'string.prototype.repeat': [ '1.0.0' ],
81 silly audit   'string.prototype.trim': [ '1.2.10' ],
81 silly audit   'string.prototype.trimend': [ '1.0.9' ],
81 silly audit   'string.prototype.trimstart': [ '1.0.8' ],
81 silly audit   'stringify-object': [ '5.0.0' ],
81 silly audit   'strip-bom': [ '3.0.0' ],
81 silly audit   'strip-json-comments': [ '3.1.1' ],
81 silly audit   'style-to-js': [ '1.1.21' ],
81 silly audit   'style-to-object': [ '1.0.14' ],
81 silly audit   substyle: [ '9.4.1' ],
81 silly audit   'supports-preserve-symlinks-flag': [ '1.0.0' ],
81 silly audit   synckit: [ '0.11.12' ],
81 silly audit   tabbable: [ '6.4.0' ],
81 silly audit   table: [ '5.4.6' ],
81 silly audit   'tagged-tag': [ '1.0.0' ],
81 silly audit   'tailwind-merge': [ '3.5.0' ],
81 silly audit   tailwindcss: [ '4.2.1' ],
81 silly audit   'tailwindcss-animate': [ '1.0.7' ],
81 silly audit   tapable: [ '2.3.0' ],
81 silly audit   'text-table': [ '0.2.0' ],
81 silly audit   through: [ '2.3.8' ],
81 silly audit   'tiny-invariant': [ '1.3.3' ],
81 silly audit   tinyexec: [ '1.0.2' ],
81 silly audit   tinyglobby: [ '0.2.15' ],
81 silly audit   tldts: [ '7.0.23' ],
81 silly audit   'tldts-core': [ '7.0.23' ],
81 silly audit   tmp: [ '0.2.5' ],
81 silly audit   'to-regex-range': [ '5.0.1' ],
81 silly audit   'to-valid-identifier': [ '1.0.0' ],
81 silly audit   toidentifier: [ '1.0.1' ],
81 silly audit   'tough-cookie': [ '6.0.0' ],
81 silly audit   'tree-kill': [ '1.2.2' ],
81 silly audit   'ts-morph': [ '26.0.0' ],
81 silly audit   'tw-animate-css': [ '1.4.0' ],
81 silly audit   'type-is': [ '2.0.1' ],
81 silly audit   'typed-array-buffer': [ '1.0.3' ],
81 silly audit   'typed-array-byte-length': [ '1.0.3' ],
81 silly audit   'typed-array-byte-offset': [ '1.0.4' ],
81 silly audit   'typed-array-length': [ '1.0.7' ],
81 silly audit   typescript: [ '5.9.3' ],
81 silly audit   'uglify-js': [ '3.19.3' ],
81 silly audit   'unbox-primitive': [ '1.1.0' ],
81 silly audit   'unicorn-magic': [ '0.3.0' ],
81 silly audit   universalify: [ '2.0.1' ],
81 silly audit   unpipe: [ '1.0.0' ],
81 silly audit   'until-async': [ '3.0.2' ],
81 silly audit   'update-browserslist-db': [ '1.2.3' ],
81 silly audit   'uri-js': [ '4.4.1' ],
81 silly audit   use: [ '3.1.1' ],
81 silly audit   'use-callback-ref': [ '1.3.3' ],
81 silly audit   'use-sidecar': [ '1.1.3' ],
81 silly audit   'use-sync-external-store': [ '1.6.0' ],
81 silly audit   'util-deprecate': [ '1.0.2' ],
81 silly audit   'v8-compile-cache': [ '2.4.0' ],
81 silly audit   'validate-npm-package-name': [ '7.0.2' ],
81 silly audit   vary: [ '1.1.2' ],
81 silly audit   vaul: [ '1.1.2' ],
81 silly audit   vite: [ '7.3.1' ],
81 silly audit   'vite-plugin-full-reload': [ '1.2.0' ],
81 silly audit   'web-streams-polyfill': [ '3.3.3' ],
81 silly audit   'which-boxed-primitive': [ '1.1.1' ],
81 silly audit   'which-builtin-type': [ '1.2.1' ],
81 silly audit   'which-collection': [ '1.0.2' ],
81 silly audit   'which-typed-array': [ '1.1.20' ],
81 silly audit   'word-wrap': [ '1.2.5' ],
81 silly audit   wordwrap: [ '1.0.0' ],
81 silly audit   wrappy: [ '1.0.2' ],
81 silly audit   write: [ '1.0.3' ],
81 silly audit   'wsl-utils': [ '0.3.1' ],
81 silly audit   y18n: [ '5.0.8' ],
81 silly audit   yallist: [ '3.1.1' ],
81 silly audit   yaml: [ '2.8.2' ],
81 silly audit   yargs: [ '17.7.2' ],
81 silly audit   'yargs-parser': [ '21.1.1' ],
81 silly audit   'yocto-queue': [ '0.1.0' ],
81 silly audit   yoctocolors: [ '2.1.2' ],
81 silly audit   'yoctocolors-cjs': [ '2.1.3' ],
81 silly audit   'zod-to-json-schema': [ '3.25.1' ],
81 silly audit   'zod-validation-error': [ '4.0.2' ],
81 silly audit   zustand: [ '5.0.11' ],
81 silly audit   '@grapesjs/react': [ '2.0.0' ],
81 silly audit   grapesjs: [ '0.22.14' ],
81 silly audit   '@types/backbone': [ '1.4.15' ],
81 silly audit   backbone: [ '1.4.1' ],
81 silly audit   'backbone-undo': [ '0.2.6' ],
81 silly audit   codemirror: [ '5.63.0' ],
81 silly audit   'codemirror-formatting': [ '1.0.0' ],
81 silly audit   'promise-polyfill': [ '8.3.0' ],
81 silly audit   underscore: [ '1.13.8' ],
81 silly audit   '@types/jquery': [ '4.0.0' ],
81 silly audit   '@types/underscore': [ '1.13.0' ],
81 silly audit   '@tailwindcss/oxide-wasm32-wasi': [ '4.2.1' ]
81 silly audit }
82 verbose reify failed optional dependency G:\Project App\erp\node_modules\lightningcss-win32-arm64-msvc
83 silly reify mark deleted [ 'G:\\Project App\\erp\\node_modules\\lightningcss-win32-arm64-msvc' ]
84 verbose reify failed optional dependency G:\Project App\erp\node_modules\lightningcss-linux-x64-musl
85 silly reify mark deleted [ 'G:\\Project App\\erp\\node_modules\\lightningcss-linux-x64-musl' ]
86 verbose reify failed optional dependency G:\Project App\erp\node_modules\lightningcss-linux-x64-gnu
87 silly reify mark deleted [ 'G:\\Project App\\erp\\node_modules\\lightningcss-linux-x64-gnu' ]
88 verbose reify failed optional dependency G:\Project App\erp\node_modules\lightningcss-linux-arm64-musl
89 silly reify mark deleted [ 'G:\\Project App\\erp\\node_modules\\lightningcss-linux-arm64-musl' ]
90 verbose reify failed optional dependency G:\Project App\erp\node_modules\lightningcss-linux-arm64-gnu
91 silly reify mark deleted [ 'G:\\Project App\\erp\\node_modules\\lightningcss-linux-arm64-gnu' ]
92 verbose reify failed optional dependency G:\Project App\erp\node_modules\lightningcss-linux-arm-gnueabihf
93 silly reify mark deleted [
93 silly reify   'G:\\Project App\\erp\\node_modules\\lightningcss-linux-arm-gnueabihf'
93 silly reify ]
94 verbose reify failed optional dependency G:\Project App\erp\node_modules\lightningcss-freebsd-x64
95 silly reify mark deleted [ 'G:\\Project App\\erp\\node_modules\\lightningcss-freebsd-x64' ]
96 verbose reify failed optional dependency G:\Project App\erp\node_modules\lightningcss-darwin-x64
97 silly reify mark deleted [ 'G:\\Project App\\erp\\node_modules\\lightningcss-darwin-x64' ]
98 verbose reify failed optional dependency G:\Project App\erp\node_modules\lightningcss-darwin-arm64
99 silly reify mark deleted [ 'G:\\Project App\\erp\\node_modules\\lightningcss-darwin-arm64' ]
100 verbose reify failed optional dependency G:\Project App\erp\node_modules\lightningcss-android-arm64
101 silly reify mark deleted [ 'G:\\Project App\\erp\\node_modules\\lightningcss-android-arm64' ]
102 verbose reify failed optional dependency G:\Project App\erp\node_modules\fsevents
103 silly reify mark deleted [ 'G:\\Project App\\erp\\node_modules\\fsevents' ]
104 verbose reify failed optional dependency G:\Project App\erp\node_modules\@tailwindcss\oxide-win32-arm64-msvc
105 silly reify mark deleted [
105 silly reify   'G:\\Project App\\erp\\node_modules\\@tailwindcss\\oxide-win32-arm64-msvc'
105 silly reify ]
106 verbose reify failed optional dependency G:\Project App\erp\node_modules\@tailwindcss\oxide-linux-x64-musl
107 silly reify mark deleted [
107 silly reify   'G:\\Project App\\erp\\node_modules\\@tailwindcss\\oxide-linux-x64-musl'
107 silly reify ]
108 verbose reify failed optional dependency G:\Project App\erp\node_modules\@tailwindcss\oxide-linux-x64-gnu
109 silly reify mark deleted [
109 silly reify   'G:\\Project App\\erp\\node_modules\\@tailwindcss\\oxide-linux-x64-gnu'
109 silly reify ]
110 verbose reify failed optional dependency G:\Project App\erp\node_modules\@tailwindcss\oxide-linux-arm64-musl
111 silly reify mark deleted [
111 silly reify   'G:\\Project App\\erp\\node_modules\\@tailwindcss\\oxide-linux-arm64-musl'
111 silly reify ]
112 verbose reify failed optional dependency G:\Project App\erp\node_modules\@tailwindcss\oxide-linux-arm64-gnu
113 silly reify mark deleted [
113 silly reify   'G:\\Project App\\erp\\node_modules\\@tailwindcss\\oxide-linux-arm64-gnu'
113 silly reify ]
114 verbose reify failed optional dependency G:\Project App\erp\node_modules\@tailwindcss\oxide-linux-arm-gnueabihf
115 silly reify mark deleted [
115 silly reify   'G:\\Project App\\erp\\node_modules\\@tailwindcss\\oxide-linux-arm-gnueabihf'
115 silly reify ]
116 verbose reify failed optional dependency G:\Project App\erp\node_modules\@tailwindcss\oxide-freebsd-x64
117 silly reify mark deleted [
117 silly reify   'G:\\Project App\\erp\\node_modules\\@tailwindcss\\oxide-freebsd-x64'
117 silly reify ]
118 verbose reify failed optional dependency G:\Project App\erp\node_modules\@tailwindcss\oxide-darwin-x64
119 silly reify mark deleted [
119 silly reify   'G:\\Project App\\erp\\node_modules\\@tailwindcss\\oxide-darwin-x64'
119 silly reify ]
120 verbose reify failed optional dependency G:\Project App\erp\node_modules\@tailwindcss\oxide-darwin-arm64
121 silly reify mark deleted [
121 silly reify   'G:\\Project App\\erp\\node_modules\\@tailwindcss\\oxide-darwin-arm64'
121 silly reify ]
122 verbose reify failed optional dependency G:\Project App\erp\node_modules\@tailwindcss\oxide-android-arm64
123 silly reify mark deleted [
123 silly reify   'G:\\Project App\\erp\\node_modules\\@tailwindcss\\oxide-android-arm64'
123 silly reify ]
124 verbose reify failed optional dependency G:\Project App\erp\node_modules\@rollup\rollup-win32-ia32-msvc
125 silly reify mark deleted [
125 silly reify   'G:\\Project App\\erp\\node_modules\\@rollup\\rollup-win32-ia32-msvc'
125 silly reify ]
126 verbose reify failed optional dependency G:\Project App\erp\node_modules\@rollup\rollup-win32-arm64-msvc
127 silly reify mark deleted [
127 silly reify   'G:\\Project App\\erp\\node_modules\\@rollup\\rollup-win32-arm64-msvc'
127 silly reify ]
128 verbose reify failed optional dependency G:\Project App\erp\node_modules\@rollup\rollup-openharmony-arm64
129 silly reify mark deleted [
129 silly reify   'G:\\Project App\\erp\\node_modules\\@rollup\\rollup-openharmony-arm64'
129 silly reify ]
130 verbose reify failed optional dependency G:\Project App\erp\node_modules\@rollup\rollup-openbsd-x64
131 silly reify mark deleted [ 'G:\\Project App\\erp\\node_modules\\@rollup\\rollup-openbsd-x64' ]
132 verbose reify failed optional dependency G:\Project App\erp\node_modules\@rollup\rollup-linux-x64-musl
133 silly reify mark deleted [
133 silly reify   'G:\\Project App\\erp\\node_modules\\@rollup\\rollup-linux-x64-musl'
133 silly reify ]
134 verbose reify failed optional dependency G:\Project App\erp\node_modules\@rollup\rollup-linux-x64-gnu
135 silly reify mark deleted [ 'G:\\Project App\\erp\\node_modules\\@rollup\\rollup-linux-x64-gnu' ]
136 verbose reify failed optional dependency G:\Project App\erp\node_modules\@rollup\rollup-linux-s390x-gnu
137 silly reify mark deleted [
137 silly reify   'G:\\Project App\\erp\\node_modules\\@rollup\\rollup-linux-s390x-gnu'
137 silly reify ]
138 verbose reify failed optional dependency G:\Project App\erp\node_modules\@rollup\rollup-linux-riscv64-musl
139 silly reify mark deleted [
139 silly reify   'G:\\Project App\\erp\\node_modules\\@rollup\\rollup-linux-riscv64-musl'
139 silly reify ]
140 verbose reify failed optional dependency G:\Project App\erp\node_modules\@rollup\rollup-linux-riscv64-gnu
141 silly reify mark deleted [
141 silly reify   'G:\\Project App\\erp\\node_modules\\@rollup\\rollup-linux-riscv64-gnu'
141 silly reify ]
142 verbose reify failed optional dependency G:\Project App\erp\node_modules\@rollup\rollup-linux-ppc64-musl
143 silly reify mark deleted [
143 silly reify   'G:\\Project App\\erp\\node_modules\\@rollup\\rollup-linux-ppc64-musl'
143 silly reify ]
144 verbose reify failed optional dependency G:\Project App\erp\node_modules\@rollup\rollup-linux-ppc64-gnu
145 silly reify mark deleted [
145 silly reify   'G:\\Project App\\erp\\node_modules\\@rollup\\rollup-linux-ppc64-gnu'
145 silly reify ]
146 verbose reify failed optional dependency G:\Project App\erp\node_modules\@rollup\rollup-linux-loong64-musl
147 silly reify mark deleted [
147 silly reify   'G:\\Project App\\erp\\node_modules\\@rollup\\rollup-linux-loong64-musl'
147 silly reify ]
148 verbose reify failed optional dependency G:\Project App\erp\node_modules\@rollup\rollup-linux-loong64-gnu
149 silly reify mark deleted [
149 silly reify   'G:\\Project App\\erp\\node_modules\\@rollup\\rollup-linux-loong64-gnu'
149 silly reify ]
150 verbose reify failed optional dependency G:\Project App\erp\node_modules\@rollup\rollup-linux-arm64-musl
151 silly reify mark deleted [
151 silly reify   'G:\\Project App\\erp\\node_modules\\@rollup\\rollup-linux-arm64-musl'
151 silly reify ]
152 verbose reify failed optional dependency G:\Project App\erp\node_modules\@rollup\rollup-linux-arm64-gnu
153 silly reify mark deleted [
153 silly reify   'G:\\Project App\\erp\\node_modules\\@rollup\\rollup-linux-arm64-gnu'
153 silly reify ]
154 verbose reify failed optional dependency G:\Project App\erp\node_modules\@rollup\rollup-linux-arm-musleabihf
155 silly reify mark deleted [
155 silly reify   'G:\\Project App\\erp\\node_modules\\@rollup\\rollup-linux-arm-musleabihf'
155 silly reify ]
156 verbose reify failed optional dependency G:\Project App\erp\node_modules\@rollup\rollup-linux-arm-gnueabihf
157 silly reify mark deleted [
157 silly reify   'G:\\Project App\\erp\\node_modules\\@rollup\\rollup-linux-arm-gnueabihf'
157 silly reify ]
158 verbose reify failed optional dependency G:\Project App\erp\node_modules\@rollup\rollup-freebsd-x64
159 silly reify mark deleted [ 'G:\\Project App\\erp\\node_modules\\@rollup\\rollup-freebsd-x64' ]
160 verbose reify failed optional dependency G:\Project App\erp\node_modules\@rollup\rollup-freebsd-arm64
161 silly reify mark deleted [ 'G:\\Project App\\erp\\node_modules\\@rollup\\rollup-freebsd-arm64' ]
162 verbose reify failed optional dependency G:\Project App\erp\node_modules\@rollup\rollup-darwin-x64
163 silly reify mark deleted [ 'G:\\Project App\\erp\\node_modules\\@rollup\\rollup-darwin-x64' ]
164 verbose reify failed optional dependency G:\Project App\erp\node_modules\@rollup\rollup-darwin-arm64
165 silly reify mark deleted [ 'G:\\Project App\\erp\\node_modules\\@rollup\\rollup-darwin-arm64' ]
166 verbose reify failed optional dependency G:\Project App\erp\node_modules\@rollup\rollup-android-arm64
167 silly reify mark deleted [ 'G:\\Project App\\erp\\node_modules\\@rollup\\rollup-android-arm64' ]
168 verbose reify failed optional dependency G:\Project App\erp\node_modules\@rollup\rollup-android-arm-eabi
169 silly reify mark deleted [
169 silly reify   'G:\\Project App\\erp\\node_modules\\@rollup\\rollup-android-arm-eabi'
169 silly reify ]
170 verbose reify failed optional dependency G:\Project App\erp\node_modules\@esbuild\win32-ia32
171 silly reify mark deleted [ 'G:\\Project App\\erp\\node_modules\\@esbuild\\win32-ia32' ]
172 verbose reify failed optional dependency G:\Project App\erp\node_modules\@esbuild\win32-arm64
173 silly reify mark deleted [ 'G:\\Project App\\erp\\node_modules\\@esbuild\\win32-arm64' ]
174 verbose reify failed optional dependency G:\Project App\erp\node_modules\@esbuild\sunos-x64
175 silly reify mark deleted [ 'G:\\Project App\\erp\\node_modules\\@esbuild\\sunos-x64' ]
176 verbose reify failed optional dependency G:\Project App\erp\node_modules\@esbuild\openharmony-arm64
177 silly reify mark deleted [ 'G:\\Project App\\erp\\node_modules\\@esbuild\\openharmony-arm64' ]
178 verbose reify failed optional dependency G:\Project App\erp\node_modules\@esbuild\openbsd-x64
179 silly reify mark deleted [ 'G:\\Project App\\erp\\node_modules\\@esbuild\\openbsd-x64' ]
180 verbose reify failed optional dependency G:\Project App\erp\node_modules\@esbuild\openbsd-arm64
181 silly reify mark deleted [ 'G:\\Project App\\erp\\node_modules\\@esbuild\\openbsd-arm64' ]
182 verbose reify failed optional dependency G:\Project App\erp\node_modules\@esbuild\netbsd-x64
183 silly reify mark deleted [ 'G:\\Project App\\erp\\node_modules\\@esbuild\\netbsd-x64' ]
184 verbose reify failed optional dependency G:\Project App\erp\node_modules\@esbuild\netbsd-arm64
185 silly reify mark deleted [ 'G:\\Project App\\erp\\node_modules\\@esbuild\\netbsd-arm64' ]
186 verbose reify failed optional dependency G:\Project App\erp\node_modules\@esbuild\linux-x64
187 silly reify mark deleted [ 'G:\\Project App\\erp\\node_modules\\@esbuild\\linux-x64' ]
188 verbose reify failed optional dependency G:\Project App\erp\node_modules\@esbuild\linux-s390x
189 silly reify mark deleted [ 'G:\\Project App\\erp\\node_modules\\@esbuild\\linux-s390x' ]
190 verbose reify failed optional dependency G:\Project App\erp\node_modules\@esbuild\linux-riscv64
191 silly reify mark deleted [ 'G:\\Project App\\erp\\node_modules\\@esbuild\\linux-riscv64' ]
192 verbose reify failed optional dependency G:\Project App\erp\node_modules\@esbuild\linux-ppc64
193 silly reify mark deleted [ 'G:\\Project App\\erp\\node_modules\\@esbuild\\linux-ppc64' ]
194 verbose reify failed optional dependency G:\Project App\erp\node_modules\@esbuild\linux-mips64el
195 silly reify mark deleted [ 'G:\\Project App\\erp\\node_modules\\@esbuild\\linux-mips64el' ]
196 verbose reify failed optional dependency G:\Project App\erp\node_modules\@esbuild\linux-loong64
197 silly reify mark deleted [ 'G:\\Project App\\erp\\node_modules\\@esbuild\\linux-loong64' ]
198 verbose reify failed optional dependency G:\Project App\erp\node_modules\@esbuild\linux-ia32
199 silly reify mark deleted [ 'G:\\Project App\\erp\\node_modules\\@esbuild\\linux-ia32' ]
200 verbose reify failed optional dependency G:\Project App\erp\node_modules\@esbuild\linux-arm64
201 silly reify mark deleted [ 'G:\\Project App\\erp\\node_modules\\@esbuild\\linux-arm64' ]
202 verbose reify failed optional dependency G:\Project App\erp\node_modules\@esbuild\linux-arm
203 silly reify mark deleted [ 'G:\\Project App\\erp\\node_modules\\@esbuild\\linux-arm' ]
204 verbose reify failed optional dependency G:\Project App\erp\node_modules\@esbuild\freebsd-x64
205 silly reify mark deleted [ 'G:\\Project App\\erp\\node_modules\\@esbuild\\freebsd-x64' ]
206 verbose reify failed optional dependency G:\Project App\erp\node_modules\@esbuild\freebsd-arm64
207 silly reify mark deleted [ 'G:\\Project App\\erp\\node_modules\\@esbuild\\freebsd-arm64' ]
208 verbose reify failed optional dependency G:\Project App\erp\node_modules\@esbuild\darwin-x64
209 silly reify mark deleted [ 'G:\\Project App\\erp\\node_modules\\@esbuild\\darwin-x64' ]
210 verbose reify failed optional dependency G:\Project App\erp\node_modules\@esbuild\darwin-arm64
211 silly reify mark deleted [ 'G:\\Project App\\erp\\node_modules\\@esbuild\\darwin-arm64' ]
212 verbose reify failed optional dependency G:\Project App\erp\node_modules\@esbuild\android-x64
213 silly reify mark deleted [ 'G:\\Project App\\erp\\node_modules\\@esbuild\\android-x64' ]
214 verbose reify failed optional dependency G:\Project App\erp\node_modules\@esbuild\android-arm64
215 silly reify mark deleted [ 'G:\\Project App\\erp\\node_modules\\@esbuild\\android-arm64' ]
216 verbose reify failed optional dependency G:\Project App\erp\node_modules\@esbuild\android-arm
217 silly reify mark deleted [ 'G:\\Project App\\erp\\node_modules\\@esbuild\\android-arm' ]
218 verbose reify failed optional dependency G:\Project App\erp\node_modules\@esbuild\aix-ppc64
219 silly reify mark deleted [ 'G:\\Project App\\erp\\node_modules\\@esbuild\\aix-ppc64' ]
220 http cache grapesjs@https://registry.npmjs.org/grapesjs/-/grapesjs-0.22.14.tgz 0ms (cache hit)
221 http cache @types/backbone@https://registry.npmjs.org/@types/backbone/-/backbone-1.4.15.tgz 0ms (cache hit)
222 http cache @grapesjs/react@https://registry.npmjs.org/@grapesjs/react/-/react-2.0.0.tgz 0ms (cache hit)
223 http cache codemirror@https://registry.npmjs.org/codemirror/-/codemirror-5.63.0.tgz 0ms (cache hit)
224 http cache html-entities@https://registry.npmjs.org/html-entities/-/html-entities-1.4.0.tgz 1ms (cache hit)
225 silly tarball no local data for grapesjs@https://registry.npmjs.org/grapesjs/-/grapesjs-0.22.14.tgz. Extracting by manifest.
226 silly tarball no local data for @types/backbone@https://registry.npmjs.org/@types/backbone/-/backbone-1.4.15.tgz. Extracting by manifest.
227 silly tarball no local data for @grapesjs/react@https://registry.npmjs.org/@grapesjs/react/-/react-2.0.0.tgz. Extracting by manifest.
228 silly tarball no local data for codemirror@https://registry.npmjs.org/codemirror/-/codemirror-5.63.0.tgz. Extracting by manifest.
229 silly tarball no local data for html-entities@https://registry.npmjs.org/html-entities/-/html-entities-1.4.0.tgz. Extracting by manifest.
230 http fetch GET 200 https://registry.npmjs.org/html-entities/-/html-entities-1.4.0.tgz 171ms (cache miss)
231 http fetch POST 200 https://registry.npmjs.org/-/npm/v1/security/advisories/bulk 312ms
232 silly audit report {}
233 http fetch GET 200 https://registry.npmjs.org/@types/backbone/-/backbone-1.4.15.tgz 346ms (cache miss)
234 http fetch GET 200 https://registry.npmjs.org/@grapesjs/react/-/react-2.0.0.tgz 623ms (cache miss)
235 http fetch GET 200 https://registry.npmjs.org/codemirror/-/codemirror-5.63.0.tgz 1208ms (cache miss)
236 http fetch GET 200 https://registry.npmjs.org/grapesjs/-/grapesjs-0.22.14.tgz 3048ms (cache miss)
237 silly ADD
238 silly ADD
239 silly ADD
240 silly ADD
241 silly ADD
242 silly ADD
243 silly ADD
244 silly ADD
245 silly ADD
246 silly ADD
247 silly ADD
248 silly ADD
249 silly ADD
250 silly ADD
251 silly ADD
252 silly ADD
253 silly ADD
254 silly ADD
255 silly ADD
256 silly ADD
257 silly ADD
258 silly ADD
259 silly ADD
260 silly ADD
261 silly ADD
262 silly ADD
263 silly ADD
264 silly ADD
265 silly ADD
266 silly ADD
267 silly ADD
268 silly ADD
269 silly ADD
270 silly ADD
271 silly ADD
272 silly ADD
273 silly ADD
274 silly ADD
275 silly ADD
276 silly ADD
277 silly ADD
278 silly ADD
279 silly ADD
280 silly ADD
281 silly ADD
282 silly ADD
283 silly ADD
284 silly ADD
285 silly ADD
286 silly ADD
287 silly ADD
288 silly ADD
289 silly ADD
290 silly ADD
291 silly ADD
292 silly ADD
293 silly ADD
294 silly ADD
295 silly ADD
296 silly ADD
297 silly ADD
298 silly ADD
299 silly ADD
300 silly ADD
301 silly ADD
302 silly ADD
303 silly ADD
304 silly ADD
305 silly ADD
306 silly ADD
307 silly CHANGE node_modules/grapesjs
308 silly ADD node_modules/grapesjs/node_modules/html-entities
309 silly CHANGE node_modules/codemirror
310 silly CHANGE node_modules/@types/backbone
311 silly CHANGE node_modules/@grapesjs/react
312 verbose cwd G:\Project App\erp
313 verbose os Windows_NT 10.0.26200
314 verbose node v22.21.1
315 verbose npm  v10.9.4
316 verbose exit 0
317 info ok
